// Jest Snapshot v1, https://goo.gl/fbAQLP

exports[`makeCypressRspackConfig should return a valid Configuration object 1`] = `
[
  HtmlRspackPlugin {
    "_args": [
      {
        "filename": "index.html",
        "template": "path/to/project/path/to/indexHtmlFile",
      },
    ],
    "affectedHooks": undefined,
    "name": "HtmlRspackPlugin",
  },
  CypressCTRspackPlugin {
    "addCompilationHooks": [Function],
    "addLoaderContext": [Function],
    "beforeCompile": [Function],
    "compilation": null,
    "devServerEvents": EventEmitter {
      "_events": {},
      "_eventsCount": 0,
      "_maxListeners": undefined,
      Symbol(shapeMode): false,
      Symbol(kCapture): false,
    },
    "files": [],
    "indexHtmlFile": "path/to/indexHtmlFile",
    "onSpecsChange": [Function],
    "projectRoot": "path/to/project",
    "supportFile": "path/to/supportFile",
  },
]
`;
